// Jest Snapshot v1, https://goo.gl/fbAQLP

exports[`basic snapshot 1`] = `
<div
  className="MuiGrid-container-4 MuiGrid-spacing-xs-8-26 SkOptionsList-root-1"
>
  <div
    className="MuiGrid-item-5"
  >
    <button
      className="MuiButtonBase-root-105 SkProductDetailOption-optionButton-101"
      onBlur={[Function]}
      onClick={[Function]}
      onFocus={[Function]}
      onKeyDown={[Function]}
      onKeyUp={[Function]}
      onMouseDown={[Function]}
      onMouseLeave={[Function]}
      onMouseUp={[Function]}
      onTouchEnd={[Function]}
      onTouchMove={[Function]}
      onTouchStart={[Function]}
      tabIndex="0"
      type="button"
    >
      <span
        className="MuiTypography-root-108 MuiTypography-body1-117 SkProductDetailOption-optionText-102"
      >
        Blue
      </span>
    </button>
  </div>
  <div
    className="MuiGrid-item-5"
  >
    <button
      className="MuiButtonBase-root-105 SkProductDetailOption-optionButton-101"
      onBlur={[Function]}
      onClick={[Function]}
      onFocus={[Function]}
      onKeyDown={[Function]}
      onKeyUp={[Function]}
      onMouseDown={[Function]}
      onMouseLeave={[Function]}
      onMouseUp={[Function]}
      onTouchEnd={[Function]}
      onTouchMove={[Function]}
      onTouchStart={[Function]}
      tabIndex="0"
      type="button"
    >
      <span
        className="MuiTypography-root-108 MuiTypography-body1-117 SkProductDetailOption-optionText-102"
      >
        Red
      </span>
    </button>
  </div>
</div>
`;
