// Jest Snapshot v1, https://goo.gl/fbAQLP

exports[`basic snapshot 1`] = `
.c1 {
  width: 100%;
  border-spacing: 0;
  background-color: transparent;
  padding-left: 0;
  padding-right: 0;
  padding-top: 0;
  padding-bottom: 0;
}

.c2 {
  -webkit-font-smoothing: antialiased;
  color: #3c3c3c;
  font-family: 'Source Sans Pro','Helvetica Neue',Helvetica,sans-serif;
  font-size: 14px;
  font-style: normal;
  font-stretch: normal;
  font-weight: 400;
  -webkit-letter-spacing: .02em;
  -moz-letter-spacing: .02em;
  -ms-letter-spacing: .02em;
  letter-spacing: .02em;
  line-height: 1;
  border-top-color: #e6e6e6;
  border-top-style: solid;
  border-top-width: 0;
  padding-bottom: 8px;
  padding-left: 0;
  padding-right: 0;
  padding-top: 8px;
  text-align: left;
}

.c8 {
  -webkit-font-smoothing: antialiased;
  color: #3c3c3c;
  font-family: 'Source Sans Pro','Helvetica Neue',Helvetica,sans-serif;
  font-size: 14px;
  font-style: normal;
  font-stretch: normal;
  font-weight: 400;
  -webkit-letter-spacing: .02em;
  -moz-letter-spacing: .02em;
  -ms-letter-spacing: .02em;
  letter-spacing: .02em;
  line-height: 1;
  border-top-color: #e6e6e6;
  border-top-style: solid;
  border-top-width: 1px;
  padding-bottom: 8px;
  padding-left: 0;
  padding-right: 0;
  padding-top: 8px;
  text-align: left;
}

.c3 {
  -webkit-font-smoothing: antialiased;
  color: #3c3c3c;
  font-family: 'Source Sans Pro','Helvetica Neue',Helvetica,sans-serif;
  font-size: 14px;
  font-style: normal;
  font-stretch: normal;
  font-weight: 400;
  -webkit-letter-spacing: .02em;
  -moz-letter-spacing: .02em;
  -ms-letter-spacing: .02em;
  letter-spacing: .02em;
  line-height: 1;
  text-align: right;
}

.c4 {
  -webkit-font-smoothing: antialiased;
  color: #3c3c3c;
  font-family: 'Source Sans Pro','Helvetica Neue',Helvetica,sans-serif;
  font-size: 14px;
  font-style: normal;
  font-stretch: normal;
  font-weight: 400;
  -webkit-letter-spacing: .02em;
  -moz-letter-spacing: .02em;
  -ms-letter-spacing: .02em;
  letter-spacing: .02em;
  line-height: 1;
  border-top-color: #e6e6e6;
  border-top-style: solid;
  border-top-width: 0;
  padding-bottom: 16px;
  padding-left: 0;
  padding-right: 0;
  padding-top: 8px;
  text-align: left;
}

.c5 {
  -webkit-font-smoothing: antialiased;
  color: #3c3c3c;
  font-family: 'Source Sans Pro','Helvetica Neue',Helvetica,sans-serif;
  font-size: 14px;
  font-style: normal;
  font-stretch: normal;
  font-weight: 400;
  -webkit-letter-spacing: .02em;
  -moz-letter-spacing: .02em;
  -ms-letter-spacing: .02em;
  letter-spacing: .02em;
  line-height: 1;
  padding-bottom: 16px;
  text-align: right;
}

.c6 {
  -webkit-font-smoothing: antialiased;
  color: #3c3c3c;
  font-family: 'Source Sans Pro','Helvetica Neue',Helvetica,sans-serif;
  font-size: 14px;
  font-style: normal;
  font-stretch: normal;
  font-weight: 400;
  -webkit-letter-spacing: .02em;
  -moz-letter-spacing: .02em;
  -ms-letter-spacing: .02em;
  letter-spacing: .02em;
  line-height: 1;
  border-top-color: #e6e6e6;
  border-top-style: solid;
  border-top-width: 1px;
  padding-bottom: 16px;
  padding-left: 0;
  padding-right: 0;
  padding-top: 16px;
  text-align: left;
}

.c7 {
  text-align: right;
  padding-bottom: 16px;
  padding-top: 16px;
}

.c9 {
  -webkit-font-smoothing: antialiased;
  color: #3c3c3c;
  font-family: 'Source Sans Pro','Helvetica Neue',Helvetica,sans-serif;
  font-size: 18px;
  font-style: normal;
  font-stretch: normal;
  font-weight: 700;
  -webkit-letter-spacing: .03em;
  -moz-letter-spacing: .03em;
  -ms-letter-spacing: .03em;
  letter-spacing: .03em;
  line-height: 1;
}

.c0 table td {
  padding-left: 1rem;
  padding-right: 1rem;
  border-bottom: none;
}

<div
  className="SkOrderSummary-summary-1"
>
  <div
    className="SkOrderSummary-header-2"
  >
    <div
      className="MuiGrid-container-6 MuiGrid-spacing-xs-24-30"
    >
      <div
        className="MuiGrid-item-7 MuiGrid-grid-xs-3-37"
      >
        <h6
          className="MuiTypography-root-103 MuiTypography-subtitle1-121 SkOrderSummary-subtitle2-5"
        >
          Payment Method
        </h6>
      </div>
      <div
        className="MuiGrid-item-7"
      >
        <p
          className="MuiTypography-root-103 MuiTypography-body2-111"
        >
          Example Payment
           (
          $10.00
          )
        </p>
      </div>
    </div>
  </div>
  <hr
    className="MuiDivider-root-139"
  />
  <div
    className="c0"
  >
    <table
      className="c1"
    >
      <tbody>
        <tr>
          <td
            className="c2"
          >
            Items:
          </td>
          <td
            className="c3 c2"
          >
            $118
          </td>
        </tr>
        <tr>
          <td
            className="c2"
          >
            Shipping:
          </td>
          <td
            className="c3 c2"
          >
            -
          </td>
        </tr>
        <tr>
          <td
            className="c2"
          >
            Surcharges:
          </td>
          <td
            className="c3 c2"
          >
            -
          </td>
        </tr>
        <tr>
          <td
            className="c4"
          >
            Tax:
          </td>
          <td
            className="c5 c2"
          >
            -
          </td>
        </tr>
        <tr>
          <td
            className="c6"
          >
            Order total:
          </td>
          <td
            className="c7 c8"
          >
            <span
              className="c9"
            >
              $118
            </span>
          </td>
        </tr>
      </tbody>
    </table>
  </div>
</div>
`;
