// Jest Snapshot v1, https://goo.gl/fbAQLP

exports[`snapshop of tag without a displayTitle 1`] = `null`;

exports[`snapshot of a tag with a displayTitle 1`] = `
<h1
  className="MuiTypography-root-2 MuiTypography-h6-19 SkProductGridTitle-gridTitle-1"
>
  Test Title
</h1>
`;
