// Jest Snapshot v1, https://goo.gl/fbAQLP

exports[`basic snapshot 1`] = `
.c1 {
  width: 100%;
  border-spacing: 0;
  background-color: transparent;
  padding-left: 0;
  padding-right: 0;
  padding-top: 0;
  padding-bottom: 0;
}

.c2 {
  -webkit-font-smoothing: antialiased;
  color: #3c3c3c;
  font-family: 'Source Sans Pro','Helvetica Neue',Helvetica,sans-serif;
  font-size: 16px;
  font-style: normal;
  font-stretch: normal;
  font-weight: 400;
  -webkit-letter-spacing: .03em;
  -moz-letter-spacing: .03em;
  -ms-letter-spacing: .03em;
  letter-spacing: .03em;
  line-height: 1;
  border-top-color: #e6e6e6;
  border-top-style: solid;
  border-top-width: 0;
  padding-bottom: 8px;
  padding-left: 0;
  padding-right: 0;
  padding-top: 8px;
  text-align: left;
}

.c4 {
  -webkit-font-smoothing: antialiased;
  color: #3c3c3c;
  font-family: 'Source Sans Pro','Helvetica Neue',Helvetica,sans-serif;
  font-size: 16px;
  font-style: normal;
  font-stretch: normal;
  font-weight: 400;
  -webkit-letter-spacing: .03em;
  -moz-letter-spacing: .03em;
  -ms-letter-spacing: .03em;
  letter-spacing: .03em;
  line-height: 1;
  border-top-color: #e6e6e6;
  border-top-style: solid;
  border-top-width: 1px;
  padding-bottom: 8px;
  padding-left: 0;
  padding-right: 0;
  padding-top: 8px;
  text-align: left;
}

.c3 {
  -webkit-font-smoothing: antialiased;
  color: #3c3c3c;
  font-family: 'Source Sans Pro','Helvetica Neue',Helvetica,sans-serif;
  font-size: 16px;
  font-style: normal;
  font-stretch: normal;
  font-weight: 400;
  -webkit-letter-spacing: .03em;
  -moz-letter-spacing: .03em;
  -ms-letter-spacing: .03em;
  letter-spacing: .03em;
  line-height: 1;
  border-top-color: #e6e6e6;
  border-top-style: solid;
  border-top-width: 0;
  padding-bottom: 8px;
  padding-left: 0;
  padding-right: 0;
  padding-top: 8px;
  text-align: left;
  -webkit-font-smoothing: antialiased;
  color: #3c3c3c;
  font-family: 'Source Sans Pro','Helvetica Neue',Helvetica,sans-serif;
  font-size: 16px;
  font-style: normal;
  font-stretch: normal;
  font-weight: 400;
  -webkit-letter-spacing: .03em;
  -moz-letter-spacing: .03em;
  -ms-letter-spacing: .03em;
  letter-spacing: .03em;
  line-height: 1;
  text-align: right;
}

.c5 {
  -webkit-font-smoothing: antialiased;
  color: #3c3c3c;
  font-family: 'Source Sans Pro','Helvetica Neue',Helvetica,sans-serif;
  font-size: 16px;
  font-style: normal;
  font-stretch: normal;
  font-weight: 400;
  -webkit-letter-spacing: .03em;
  -moz-letter-spacing: .03em;
  -ms-letter-spacing: .03em;
  letter-spacing: .03em;
  line-height: 1;
  border-top-color: #e6e6e6;
  border-top-style: solid;
  border-top-width: 1px;
  padding-bottom: 8px;
  padding-left: 0;
  padding-right: 0;
  padding-top: 8px;
  text-align: left;
  -webkit-font-smoothing: antialiased;
  color: #3c3c3c;
  font-family: 'Source Sans Pro','Helvetica Neue',Helvetica,sans-serif;
  font-size: 16px;
  font-style: normal;
  font-stretch: normal;
  font-weight: 400;
  -webkit-letter-spacing: .03em;
  -moz-letter-spacing: .03em;
  -ms-letter-spacing: .03em;
  letter-spacing: .03em;
  line-height: 1;
  text-align: right;
}

.c6 {
  -webkit-font-smoothing: antialiased;
  color: #3c3c3c;
  font-family: 'Source Sans Pro','Helvetica Neue',Helvetica,sans-serif;
  font-size: 16px;
  font-style: normal;
  font-stretch: normal;
  font-weight: 700;
  -webkit-letter-spacing: .03em;
  -moz-letter-spacing: .03em;
  -ms-letter-spacing: .03em;
  letter-spacing: .03em;
  line-height: 1;
}

.c0 table td {
  padding-left: 1rem;
  padding-right: 1rem;
  border-bottom: none;
}

<div
  className="SkOrderSummary-summary-1"
>
  <div
    className="SkOrderSummary-header-2"
  >
    <div
      className="MuiGrid-container-6 MuiGrid-spacing-xs-24-30"
    >
      <div
        className="MuiGrid-item-7 MuiGrid-grid-xs-3-37"
      >
        <h3
          className="MuiTypography-root-103 MuiTypography-subheading-110 SkOrderSummary-subtitle2-5"
        >
          Payment Method
        </h3>
      </div>
      <div
        className="MuiGrid-item-7 MuiGrid-grid-xs-3-37"
      >
        <aside
          className="MuiTypography-root-103 MuiTypography-body2-111"
        >
          Example Payment
        </aside>
      </div>
    </div>
  </div>
  <hr
    className="MuiDivider-root-129"
  />
  <div
    className="c0"
  >
    <table
      className="c1"
    >
      <tbody>
        <tr>
          <td
            className="c2"
          >
            Item total
          </td>
          <td
            className="c3"
          >
            $118
          </td>
        </tr>
        <tr>
          <td
            className="c2"
          >
            Shipping
          </td>
          <td
            className="c3"
          />
        </tr>
        <tr>
          <td
            className="c2"
          >
            Tax
          </td>
          <td
            className="c3"
          >
            -
          </td>
        </tr>
        <tr>
          <td
            className="c4"
          >
            Order total
          </td>
          <td
            className="c5"
          >
            <span
              className="c6"
            >
              $118
            </span>
          </td>
        </tr>
      </tbody>
    </table>
  </div>
</div>
`;
