// Jest Snapshot v1, https://goo.gl/fbAQLP

exports[`basic snapshot 1`] = `
.c0 {
  background-color: #ffffff;
  display: block;
  height: 0;
  overflow: hidden;
  padding-top: 100%;
  position: relative;
  width: 100%;
}

.c1 {
  width: 100%;
  height: auto;
  left: 50%;
  opacity: 1;
  position: absolute;
  -webkit-transition: opacity 300ms cubic-bezier(0.4,0,0.2,1);
  transition: opacity 300ms cubic-bezier(0.4,0,0.2,1);
  top: 50%;
  -webkit-transform: translate(-50%,-50%);
  -ms-transform: translate(-50%,-50%);
  transform: translate(-50%,-50%);
  -webkit-filter: blur(8px);
  filter: blur(8px);
  z-index: 1100;
}

<div
  className="MuiGrid-container-4 SkMediaGallery-root-1"
>
  <div
    className="MuiGrid-item-5 MuiGrid-grid-xs-12-44 MuiGrid-grid-sm-12-58"
  >
    <div
      className="SkMediaGallery-featured-2"
    >
      <div
        className="c0"
      >
        <img
          alt=""
          className="c1"
          src="/resources/placeholder.gif"
        />
      </div>
    </div>
    <div
      className="MuiGrid-container-4 MuiGrid-spacing-xs-8-26"
    >
      <div
        className="MuiGrid-item-5 MuiGrid-grid-xs-3-35 MuiGrid-grid-sm-2-48"
      >
        <button
          className="MuiButtonBase-root-102 SkMediaGalleryItem-root-101"
          onBlur={[Function]}
          onClick={[Function]}
          onFocus={[Function]}
          onKeyDown={[Function]}
          onKeyUp={[Function]}
          onMouseDown={[Function]}
          onMouseLeave={[Function]}
          onMouseUp={[Function]}
          onTouchEnd={[Function]}
          onTouchMove={[Function]}
          onTouchStart={[Function]}
          tabIndex="0"
          type="button"
        >
          <div
            className="c0"
          >
            <img
              alt=""
              className="c1"
              src="/resources/placeholder.gif"
            />
          </div>
          <span
            className="MuiTouchRipple-root-105"
          />
        </button>
      </div>
      <div
        className="MuiGrid-item-5 MuiGrid-grid-xs-3-35 MuiGrid-grid-sm-2-48"
      >
        <button
          className="MuiButtonBase-root-102 SkMediaGalleryItem-root-101"
          onBlur={[Function]}
          onClick={[Function]}
          onFocus={[Function]}
          onKeyDown={[Function]}
          onKeyUp={[Function]}
          onMouseDown={[Function]}
          onMouseLeave={[Function]}
          onMouseUp={[Function]}
          onTouchEnd={[Function]}
          onTouchMove={[Function]}
          onTouchStart={[Function]}
          tabIndex="0"
          type="button"
        >
          <div
            className="c0"
          >
            <img
              alt=""
              className="c1"
              src="/resources/placeholder.gif"
            />
          </div>
          <span
            className="MuiTouchRipple-root-105"
          />
        </button>
      </div>
    </div>
  </div>
</div>
`;
