// Jest Snapshot v1, https://goo.gl/fbAQLP

exports[`basic snapshot 1`] = `
Array [
  <div
    className="MuiGrid-container-10"
  >
    <div
      className="MuiGrid-item-11 MuiGrid-grid-xs-12-50 SkProductDetailAddToCart-quantityGrid-6"
    >
      <div
        className="SkDivider-container-107"
      >
        <hr
          className="SkDivider-item-109"
        />
        <hr
          className="SkDivider-item-109"
        />
      </div>
      <span
        className="MuiTypography-root-110 MuiTypography-body2-118 SkProductDetailAddToCart-quantityTypography-9"
      >
        Quantity
      </span>
      <div
        className="MuiFormControl-root-146"
      >
        <div
          className="MuiInputBase-root-163 MuiInput-root-150 SkProductDetailAddToCart-quantityContainer-5 MuiInputBase-formControl-164 MuiInput-formControl-151 MuiInputBase-adornedStart-167 MuiInputBase-adornedEnd-168"
          onClick={[Function]}
        >
          <div
            className="MuiInputAdornment-root-180"
          >
            <button
              className="MuiButtonBase-root-185 SkProductDetailAddToCart-incrementButton-4"
              color="default"
              onBlur={[Function]}
              onClick={[Function]}
              onContextMenu={[Function]}
              onFocus={[Function]}
              onKeyDown={[Function]}
              onKeyUp={[Function]}
              onMouseDown={[Function]}
              onMouseLeave={[Function]}
              onMouseUp={[Function]}
              onTouchEnd={[Function]}
              onTouchMove={[Function]}
              onTouchStart={[Function]}
              tabIndex="0"
              type="button"
              variant="outlined"
            >
              <svg
                aria-hidden="true"
                className="MuiSvgIcon-root-188 SkProductDetailAddToCart-quantitySvg-8"
                focusable="false"
                role="presentation"
                viewBox="0 0 24 24"
              >
                <path
                  d="M19,13H5V11H19V13Z"
                />
              </svg>
              <span
                className="MuiTouchRipple-root-220"
              />
            </button>
          </div>
          <input
            aria-invalid={false}
            className="MuiInputBase-input-173 MuiInput-input-158 SkProductDetailAddToCart-quantityInput-7 MuiInputBase-inputAdornedStart-178 MuiInputBase-inputAdornedEnd-179"
            disabled={false}
            id="addToCartQuantityInput"
            onBlur={[Function]}
            onChange={[Function]}
            onFocus={[Function]}
            required={false}
            type="text"
            value={1}
          />
          <div
            className="MuiInputAdornment-root-180"
          >
            <button
              className="MuiButtonBase-root-185 SkProductDetailAddToCart-incrementButton-4"
              color="default"
              onBlur={[Function]}
              onClick={[Function]}
              onContextMenu={[Function]}
              onFocus={[Function]}
              onKeyDown={[Function]}
              onKeyUp={[Function]}
              onMouseDown={[Function]}
              onMouseLeave={[Function]}
              onMouseUp={[Function]}
              onTouchEnd={[Function]}
              onTouchMove={[Function]}
              onTouchStart={[Function]}
              tabIndex="0"
              type="button"
              variant="outlined"
            >
              <svg
                aria-hidden="true"
                className="MuiSvgIcon-root-188 SkProductDetailAddToCart-quantitySvg-8"
                focusable="false"
                role="presentation"
                viewBox="0 0 24 24"
              >
                <path
                  d="M19,13H13V19H11V13H5V11H11V5H13V11H19V13Z"
                />
              </svg>
              <span
                className="MuiTouchRipple-root-220"
              />
            </button>
          </div>
        </div>
      </div>
      <span
        className="MuiTypography-root-110 MuiTypography-body1-119 SkProductDetailAddToCart-addToCartErrorText-3"
      />
    </div>
    <div
      className="MuiGrid-item-11 MuiGrid-grid-xs-12-50"
    >
      <button
        className="MuiButtonBase-root-185 SkProductDetailAddToCart-addToCartButton-1"
        onBlur={[Function]}
        onClick={[Function]}
        onContextMenu={[Function]}
        onFocus={[Function]}
        onKeyDown={[Function]}
        onKeyUp={[Function]}
        onMouseDown={[Function]}
        onMouseLeave={[Function]}
        onMouseUp={[Function]}
        onTouchEnd={[Function]}
        onTouchMove={[Function]}
        onTouchStart={[Function]}
        tabIndex="0"
        type="button"
      >
        <span
          className="MuiTypography-root-110 MuiTypography-body1-119 SkProductDetailAddToCart-addToCartText-2"
        >
          Add to cart
        </span>
        <span
          className="MuiTouchRipple-root-220"
        />
      </button>
    </div>
  </div>,
  .c0 {
  -webkit-font-smoothing: antialiased;
  -webkit-align-items: center;
  -webkit-box-align: center;
  -ms-flex-align: center;
  align-items: center;
  background-color: #1999dd;
  border-color: #1999dd;
  border-style: solid;
  border-width: 1px;
  border-radius: 2px;
  box-sizing: border-box;
  color: #ffffff;
  cursor: pointer;
  display: -webkit-box;
  display: -webkit-flex;
  display: -ms-flexbox;
  display: flex;
  font-family: "Source Sans Pro","Helvetica Neue",Helvetica,sans-serif;
  -webkit-box-pack: center;
  -webkit-justify-content: center;
  -ms-flex-pack: center;
  justify-content: center;
  margin: 0;
  min-width: 100px;
  outline: none;
  padding-left: 20px;
  padding-right: 20px;
  padding-top: 10px;
  padding-bottom: 10px;
  position: relative;
  text-align: center;
  -webkit-user-select: none;
  -moz-user-select: none;
  -ms-user-select: none;
  user-select: none;
  width: 100%;
}

.c0:hover {
  background-color: #25b0f9;
  border-color: #25b0f9;
  color: #ffffff;
}

.c0:active {
  background-color: #057dbe;
  border-color: #057dbe;
  color: #ffffff;
}

.c1 {
  display: -webkit-box;
  display: -webkit-flex;
  display: -ms-flexbox;
  display: flex;
  overflow: hidden;
  padding-left: 20px;
  -webkit-transition: width 0.2s ease-out 0s,padding-left 0.2s ease-out 0s,opacity 0.2s ease-out 0.2s;
  transition: width 0.2s ease-out 0s,padding-left 0.2s ease-out 0s,opacity 0.2s ease-out 0.2s;
}

.c1 svg path,
.c1 svg rect {
  fill: #ffffff;
}

<div
    className="MuiPrivateHiddenCss-mdUp-212"
  >
    <div
      className="SkCartPopover-container-197 SkCartPopover-isContainerHidden-199"
    >
      <div
        className="MuiGrid-container-10 MuiGrid-spacing-xs-24-34 SkCartPopover-gridContainer-198"
      >
        <div
          className="MuiGrid-item-11 MuiGrid-grid-xs-12-50 SkCartPopover-containerItem-201"
        >
          <img
            alt="Item Title"
            className="SkCartPopover-addedToCartImg-202"
            src="//placehold.it/100"
          />
          <span
            className="MuiTypography-root-110 MuiTypography-body2-118 SkCartPopover-addedToCartText-204"
          >
            10
             "
            <span
              className="SkCartPopover-addedToCartItemName-203"
            >
              Item Title
            </span>
            " added to cart
          </span>
        </div>
        <div
          className="MuiGrid-item-11 MuiGrid-grid-xs-12-50"
        >
          <div
            className="c0"
            onClick={[Function]}
            onKeyPress={[Function]}
            role="button"
            tabIndex={0}
          >
            <div>
              Checkout
            </div>
            <div
              className="c1"
              style={
                Object {
                  "opacity": 0,
                  "paddingLeft": 0,
                  "width": 0,
                }
              }
            />
          </div>
        </div>
      </div>
    </div>
  </div>,
]
`;
