// Jest Snapshot v1, https://goo.gl/fbAQLP

exports[`snapshop of tagWithoutMedia 1`] = `null`;

exports[`snapshot of tagWithMedia 1`] = `
<section
  className="SkProductGridHero-heroGridContainer-2"
>
  <div
    className="MuiGrid-container-3 MuiGrid-spacing-xs-24-27"
  >
    <div
      className="MuiGrid-item-4 MuiGrid-grid-xs-12-43"
    >
      <img
        alt="Product category"
        className="SkProductGridHero-heroImg-1"
        src="https://www.reactioncommerce.com/assets/careers-images-2.jpg"
      />
    </div>
  </div>
</section>
`;
