// Jest Snapshot v1, https://goo.gl/fbAQLP

exports[`basic snapshot 1`] = `
<div
  className="SkDivider-container-1"
>
  <hr
    className="SkDivider-item-3"
  />
  <hr
    className="SkDivider-item-3"
  />
</div>
`;
